------------------------------------------------------------
Timing Analyzer Summary
------------------------------------------------------------

Type  : Slow 1100mV 85C Model Setup 'clk'
Slack : -11.201
TNS   : -242.161

Type  : Slow 1100mV 85C Model Hold 'clk'
Slack : 0.386
TNS   : 0.000

Type  : Slow 1100mV 85C Model Minimum Pulse Width 'clk'
Slack : -2.174
TNS   : -108.804

Type  : Slow 1100mV 0C Model Setup 'clk'
Slack : -11.815
TNS   : -239.788

Type  : Slow 1100mV 0C Model Hold 'clk'
Slack : 0.397
TNS   : 0.000

Type  : Slow 1100mV 0C Model Minimum Pulse Width 'clk'
Slack : -2.174
TNS   : -110.296

Type  : Fast 1100mV 85C Model Setup 'clk'
Slack : -5.040
TNS   : -117.441

Type  : Fast 1100mV 85C Model Hold 'clk'
Slack : 0.184
TNS   : 0.000

Type  : Fast 1100mV 85C Model Minimum Pulse Width 'clk'
Slack : -2.174
TNS   : -87.563

Type  : Fast 1100mV 0C Model Setup 'clk'
Slack : -4.811
TNS   : -104.111

Type  : Fast 1100mV 0C Model Hold 'clk'
Slack : 0.176
TNS   : 0.000

Type  : Fast 1100mV 0C Model Minimum Pulse Width 'clk'
Slack : -2.174
TNS   : -87.528

------------------------------------------------------------
